[{
  "height": 6,
  "prevHash": "ef2d127de37b942baad06145e54b0c619a1f22327b2ebbcfbec78f5564afe39d",
  "timestamp": 1647087903319636000,
  "MultiversxBlock": {
    "blockData": {
      "headerType": "metachain",
      "headerHash": "aGFzaA=="
    },
    "alteredAccounts": {
      "erd1qq": {
        "address": "",
        "nonce": 4,
        "balance": "100"
      }
    },
    "numberOfShards": 0,
    "highestFinalBlockNonce": 0
  }
}
]